pid 3 test_2: trap 14 err 4 on cpu 0 eip 0x1000 addr 0x0--kill proc
