XV6_TEST_OUTPUT mprotect returned 0
pid 4 test_6: trap 14 err 7 on cpu 0 eip 0x1048 addr 0x1000--kill proc
